// Jest Snapshot v1, https://goo.gl/fbAQLP

exports[`Dragon Component test Renders Dragon Row 1`] = `
<div
  className="rockets"
/>
`;
