// Jest Snapshot v1, https://goo.gl/fbAQLP

exports[`Mission Component test Renders Mission Row 1`] = `
<div
  className="missions"
>
  <table
    className="miss-table"
  >
    <thead>
      <tr>
        <td
          className=" col-head"
        >
          Mission
        </td>
        <td
          className=" col-head"
        >
          Description
        </td>
        <td
          className=" col-head"
        >
          Status
        </td>
        <td
          className=" col-head"
        >
          Join
        </td>
      </tr>
    </thead>
    <tbody />
  </table>
</div>
`;
